// Jest Snapshot v1, https://goo.gl/fbAQLP

exports[`MissionDetailsPageComponent should render the template correctly 1`] = `
<div
  id="root0"
  ng-version="19.2.9"
>
  <app-page-layout>
    <section
      class="flex flex-col gap-y-10 mx-5 sm:mx-20 lg:mx-32"
    >
      <app-google-map
        appdrawentrypoints=""
        appdrawtargetareas=""
        class="h-96"
        ng-reflect-entry-points="[object Object]"
        ng-reflect-target-areas="[object Object]"
        ng-reflect-vm="[object Object]"
      >
        <div
          appmapinitializer=""
          ng-reflect-map-center="[object Object]"
          ng-reflect-map-options="[object Object]"
          ng-reflect-map-signal="[Signal: null]"
          style="height: 100%;"
        />
      </app-google-map>
    </section>
  </app-page-layout>
  <!--container-->
</div>
`;
