// Jest Snapshot v1, https://jestjs.io/docs/snapshot-testing

exports[`OrderDetailsPageComponent should render the template correctly 1`] = `
<div
  id="root0"
  ng-version="20.1.7"
>
  <app-page-layout>
    <section
      class="flex flex-col gap-y-10 mx-5 sm:mx-20 lg:mx-32"
    >
      <app-header>
        <div
          class="flex flex-col space-y-4"
        >
          <div
            class="flex flex-row items-start justify-between"
          >
            <div>
              <h2>
                 id 
              </h2>
            </div>
            <div
              class="flex flex-row space-x-3 items-center"
            >
              <app-status>
                <p
                  class="font-medium rounded-full w-max px-3 py-1 flex items-center bg-green-200 text-green-800"
                >
                   OrderDetailsPage.header.status.active 
                </p>
              </app-status>
              <button
                class="btn btn-primary w-fit truncate"
              >
                 addNewMissionButton 
              </button>
              <!--container-->
            </div>
          </div>
          <app-summary-list>
            <div
              class="flex flex-col lg:flex-row justify-between"
            >
              <app-summary>
                <div
                  class="flex flex-row space-x-1"
                >
                  <p
                    class="text-gray-600"
                  >
                     client 
                  </p>
                  <p
                    class="font-medium"
                  >
                    <!--container-->
                     Westbrook Agricultural Holdings 
                    <!--container-->
                  </p>
                </div>
              </app-summary>
              <app-summary>
                <div
                  class="flex flex-row space-x-1"
                >
                  <p
                    class="text-gray-600"
                  >
                     createdDate 
                  </p>
                  <p
                    class="font-medium"
                  >
                     createdDateV 
                    <!--container-->
                    <!--container-->
                  </p>
                </div>
              </app-summary>
              <app-summary>
                <div
                  class="flex flex-row space-x-1"
                >
                  <p
                    class="text-gray-600"
                  >
                     totalArea 
                  </p>
                  <p
                    class="font-medium"
                  >
                     totalAreaV 
                    <!--container-->
                    <!--container-->
                  </p>
                </div>
              </app-summary>
              <!--container-->
            </div>
          </app-summary-list>
        </div>
      </app-header>
      <app-section-card>
        <section
          class="shadow p-4 flex flex-col space-y-4"
        >
          <h3
            class="text-xl font-medium"
          >
            title
          </h3>
          <div
            class="flex lg:flex-row flex-col space-y-8 lg:space-y-0"
          >
            <app-info-panel
              class="lg:w-1/2 w-full"
            >
              <div
                class="flex flex-col space-y-4"
              >
                <app-info-item-list>
                  <dl
                    class="text-sm flex flex-col space-y-2"
                  >
                    <app-info-item>
                      <div
                        class="flex flex-row"
                      >
                        <dt
                          class="text-gray-600 w-32"
                        >
                           contact 
                        </dt>
                        <dd>
                          <strong
                            class="font-medium"
                          >
                            <!--container-->
                             Sarah Johnson 
                            <!--container-->
                          </strong>
                        </dd>
                      </div>
                    </app-info-item>
                    <app-info-item>
                      <div
                        class="flex flex-row"
                      >
                        <dt
                          class="text-gray-600 w-32"
                        >
                           email 
                        </dt>
                        <dd>
                          <strong
                            class="font-medium"
                          >
                            <!--container-->
                             s.johnson@westbrook-ag.com 
                            <!--container-->
                          </strong>
                        </dd>
                      </div>
                    </app-info-item>
                    <app-info-item>
                      <div
                        class="flex flex-row"
                      >
                        <dt
                          class="text-gray-600 w-32"
                        >
                           phone 
                        </dt>
                        <dd>
                          <strong
                            class="font-medium"
                          >
                            <!--container-->
                             (555) 789-1234 
                            <!--container-->
                          </strong>
                        </dd>
                      </div>
                    </app-info-item>
                    <app-info-item>
                      <div
                        class="flex flex-row"
                      >
                        <dt
                          class="text-gray-600 w-32"
                        >
                           address 
                        </dt>
                        <dd>
                          <strong
                            class="font-medium"
                          >
                            <!--container-->
                             450 Farm Road, Westbrook County 
                            <!--container-->
                          </strong>
                        </dd>
                      </div>
                    </app-info-item>
                    <!--container-->
                  </dl>
                </app-info-item-list>
              </div>
            </app-info-panel>
            <app-info-panel
              class="lg:w-1/2 w-full"
            >
              <div
                class="flex flex-col space-y-4"
              >
                <app-info-item-list>
                  <dl
                    class="text-sm flex flex-col space-y-2"
                  >
                    <app-info-item>
                      <div
                        class="flex flex-row"
                      >
                        <dt
                          class="text-gray-600 w-32"
                        >
                           treatment 
                        </dt>
                        <dd>
                          <strong
                            class="font-medium"
                          >
                            <!--container-->
                             Seasonal Pest Control 
                            <!--container-->
                          </strong>
                        </dd>
                      </div>
                    </app-info-item>
                    <app-info-item>
                      <div
                        class="flex flex-row"
                      >
                        <dt
                          class="text-gray-600 w-32"
                        >
                           dose 
                        </dt>
                        <dd>
                          <strong
                            class="font-medium"
                          >
                             avg 
                            <!--container-->
                            <!--container-->
                          </strong>
                        </dd>
                      </div>
                    </app-info-item>
                    <app-info-item>
                      <div
                        class="flex flex-row"
                      >
                        <dt
                          class="text-gray-600 w-32"
                        >
                           supplyL 
                        </dt>
                        <dd>
                          <strong
                            class="font-medium"
                          >
                             supplyV 
                            <!--container-->
                            <!--container-->
                          </strong>
                        </dd>
                      </div>
                    </app-info-item>
                    <app-info-item>
                      <div
                        class="flex flex-row"
                      >
                        <dt
                          class="text-gray-600 w-32"
                        >
                           orderL 
                        </dt>
                        <dd>
                          <strong
                            class="font-medium"
                          >
                             orderV 
                            <!--container-->
                            <!--container-->
                          </strong>
                        </dd>
                      </div>
                    </app-info-item>
                    <!--container-->
                  </dl>
                </app-info-item-list>
              </div>
            </app-info-panel>
            <!--container-->
          </div>
        </section>
      </app-section-card>
      <!--container-->
      <!--ng-container-->
      <!--container-->
      <!--container-->
      <!--container-->
      <!--container-->
      <app-section-card>
        <section
          class="shadow p-4 flex flex-col space-y-4"
        >
          <h3
            class="text-xl font-medium"
          >
            tit
          </h3>
          <div
            class="flex flex-col md:flex-row space-y-4 md:space-y-0 md:space-x-4"
          >
            <a
              class="btn btn-success"
              download=""
              href="assets/lepke.jpg"
            >
               Proof of completion template 
            </a>
            <button
              class="btn btn-error"
            >
               Close order 
            </button>
          </div>
        </section>
      </app-section-card>
      <!--container-->
      <!--ng-container-->
      <!--container-->
      <!--container-->
      <!--container-->
      <!--container-->
      <app-section-card>
        <section
          class="shadow p-4 flex flex-col space-y-4"
        >
          <h3
            class="text-xl font-medium"
          >
            title
          </h3>
          <app-message-item-list>
            <div
              class="h-80 flex flex-col space-y-4 overflow-y-auto"
            >
              <app-message-item>
                <div
                  class="w-full flex flex-row space-x-3"
                >
                  <!--container-->
                  <app-avatar
                    class="text-white *:bg-black"
                  >
                    <div
                      class="md:w-12 md:h-12 w-8 h-8 rounded-full flex justify-center items-center relative"
                    >
                      <img
                        alt="SJ"
                        class="object-contain rounded-full"
                        decoding="auto"
                        fetchpriority="auto"
                        fill=""
                        loading="lazy"
                        ng-img="true"
                        sizes="auto, 100vw"
                        src="assets/farming.jpg"
                        style="position: absolute; width: 100%; height: 100%; inset: 0;"
                      />
                    </div>
                  </app-avatar>
                  <!--container-->
                  <div
                    class="bg-slate-100 w-full flex flex-col space-y-1 justify-between p-3 rounded-lg"
                  >
                    <time
                      class="text-gray-600 text-sm"
                    >
                      date
                    </time>
                    <h3
                      class="font-medium"
                    >
                       send 
                    </h3>
                    <p
                      class="text-gray-700"
                    >
                       Please update me on the status of the East Meadow mission. Do we need to prepare access to any additional areas? 
                    </p>
                  </div>
                </div>
              </app-message-item>
              <app-message-item>
                <div
                  class="w-full flex flex-row space-x-3"
                >
                  <app-avatar
                    class="*:bg-green-200 text-green-500"
                  >
                    <div
                      class="md:w-12 md:h-12 w-8 h-8 rounded-full flex justify-center items-center relative"
                    >
                       OM 
                    </div>
                  </app-avatar>
                  <!--container-->
                  <!--container-->
                  <div
                    class="bg-slate-100 w-full flex flex-col space-y-1 justify-between p-3 rounded-lg"
                  >
                    <time
                      class="text-gray-600 text-sm"
                    >
                      date
                    </time>
                    <h3
                      class="font-medium"
                    >
                       send 
                    </h3>
                    <p
                      class="text-gray-700"
                    >
                       East Meadow mission is scheduled for April 10th. All preparations are on track. We'll need the eastern gate unlocked for equipment access. The West Orchard and Central Vineyard missions were completed successfully. 
                    </p>
                  </div>
                </div>
              </app-message-item>
              <app-message-item>
                <div
                  class="w-full flex flex-row space-x-3"
                >
                  <!--container-->
                  <app-avatar
                    class="text-white *:bg-black"
                  >
                    <div
                      class="md:w-12 md:h-12 w-8 h-8 rounded-full flex justify-center items-center relative"
                    >
                      <img
                        alt="SJ"
                        class="object-contain rounded-full"
                        decoding="auto"
                        fetchpriority="auto"
                        fill=""
                        loading="lazy"
                        ng-img="true"
                        sizes="auto, 100vw"
                        src="assets/farming.jpg"
                        style="position: absolute; width: 100%; height: 100%; inset: 0;"
                      />
                    </div>
                  </app-avatar>
                  <!--container-->
                  <div
                    class="bg-slate-100 w-full flex flex-col space-y-1 justify-between p-3 rounded-lg"
                  >
                    <time
                      class="text-gray-600 text-sm"
                    >
                      date
                    </time>
                    <h3
                      class="font-medium"
                    >
                       send 
                    </h3>
                    <p
                      class="text-gray-700"
                    >
                       Thank you for the update. I've arranged for the eastern gate to be unlocked on the 10th. Please share the completion reports for the West Orchard and Central Vineyard missions when available. 
                    </p>
                  </div>
                </div>
              </app-message-item>
              <app-message-item>
                <div
                  class="w-full flex flex-row space-x-3"
                >
                  <app-avatar
                    class="*:bg-green-200 text-green-500"
                  >
                    <div
                      class="md:w-12 md:h-12 w-8 h-8 rounded-full flex justify-center items-center relative"
                    >
                       OM 
                    </div>
                  </app-avatar>
                  <!--container-->
                  <!--container-->
                  <div
                    class="bg-slate-100 w-full flex flex-col space-y-1 justify-between p-3 rounded-lg"
                  >
                    <time
                      class="text-gray-600 text-sm"
                    >
                      date
                    </time>
                    <h3
                      class="font-medium"
                    >
                       send 
                    </h3>
                    <p
                      class="text-gray-700"
                    >
                       Noted. Reports are being finalized and will be shared by tomorrow. Also, confirming Upper Hill mission planned for April 12—please ensure road access is cleared. 
                    </p>
                  </div>
                </div>
              </app-message-item>
              <app-message-item>
                <div
                  class="w-full flex flex-row space-x-3"
                >
                  <!--container-->
                  <app-avatar
                    class="text-white *:bg-black"
                  >
                    <div
                      class="md:w-12 md:h-12 w-8 h-8 rounded-full flex justify-center items-center relative"
                    >
                      <img
                        alt="SJ"
                        class="object-contain rounded-full"
                        decoding="auto"
                        fetchpriority="auto"
                        fill=""
                        loading="lazy"
                        ng-img="true"
                        sizes="auto, 100vw"
                        src="assets/farming.jpg"
                        style="position: absolute; width: 100%; height: 100%; inset: 0;"
                      />
                    </div>
                  </app-avatar>
                  <!--container-->
                  <div
                    class="bg-slate-100 w-full flex flex-col space-y-1 justify-between p-3 rounded-lg"
                  >
                    <time
                      class="text-gray-600 text-sm"
                    >
                      date
                    </time>
                    <h3
                      class="font-medium"
                    >
                       send 
                    </h3>
                    <p
                      class="text-gray-700"
                    >
                       Understood. Road access to Upper Hill will be cleared by April 11th. Please notify if weather conditions affect scheduling. 
                    </p>
                  </div>
                </div>
              </app-message-item>
              <!--container-->
            </div>
          </app-message-item-list>
          <div
            class="w-full flex flex-row"
          >
            <input
              class="px-2 w-full border border-gray-300 ng-untouched ng-pristine ng-invalid"
              type="text"
            />
            <button
              class="btn rounded-none btn-disabled"
              disabled=""
            >
               button 
            </button>
          </div>
        </section>
      </app-section-card>
      <!--container-->
      <!--ng-container-->
      <!--container-->
      <!--container-->
    </section>
  </app-page-layout>
  <!--container-->
  <!--container-->
  <!--container-->
  <!--container-->
  <!--container-->
</div>
`;
