// Jest Snapshot v1, https://goo.gl/fbAQLP

exports[`OrderDetailsPageComponent should render the template correctly 1`] = `
<div
  id="root0"
  ng-version="19.2.9"
>
  <app-page-layout>
    <section
      class="flex flex-col gap-y-10 mx-5 sm:mx-20 lg:mx-32"
    >
      <app-header>
        <div
          class="flex flex-col space-y-4"
        >
          <div
            class="flex flex-row items-start justify-between"
          >
            <div>
              <h2>
                 id 
              </h2>
            </div>
            <div
              class="flex flex-row space-x-3 items-center"
            >
              <app-status
                ng-reflect-vm="[object Object]"
              >
                <p
                  class="font-medium rounded-full w-max px-3 py-1 flex items-center bg-green-200 text-green-800"
                  ng-reflect-ng-class="bg-green-200 text-green-800"
                >
                   OrderDetailsPage.header.status.active 
                </p>
              </app-status>
              <button
                class="btn btn-primary w-fit truncate"
              >
                 addNewMissionButton 
              </button>
              <!--container-->
            </div>
          </div>
          <app-summary-list>
            <div
              class="flex flex-col lg:flex-row justify-between"
            >
              <app-summary>
                <div
                  class="flex flex-row space-x-1"
                >
                  <p
                    class="text-gray-600"
                  >
                     client 
                  </p>
                  <p
                    class="font-medium"
                  >
                    <!--container-->
                     Westbrook Agricultural Holdings 
                    <!--container-->
                  </p>
                </div>
              </app-summary>
              <app-summary>
                <div
                  class="flex flex-row space-x-1"
                >
                  <p
                    class="text-gray-600"
                  >
                     createdDate 
                  </p>
                  <p
                    class="font-medium"
                  >
                     createdDateV 
                    <!--container-->
                    <!--container-->
                  </p>
                </div>
              </app-summary>
              <app-summary>
                <div
                  class="flex flex-row space-x-1"
                >
                  <p
                    class="text-gray-600"
                  >
                     totalArea 
                  </p>
                  <p
                    class="font-medium"
                  >
                     totalAreaV 
                    <!--container-->
                    <!--container-->
                  </p>
                </div>
              </app-summary>
              <!--container-->
            </div>
          </app-summary-list>
        </div>
      </app-header>
      <app-section-card
        ng-reflect-vm="[object Object]"
      >
        <section
          class="shadow p-4 flex flex-col space-y-4"
        >
          <h3
            class="text-xl font-bold"
          >
            title
          </h3>
          <div
            class="flex lg:flex-row flex-col space-y-8 lg:space-y-0"
          >
            <app-info-panel
              class="lg:w-1/2 w-full"
            >
              <div
                class="flex flex-col space-y-4"
              >
                <app-info-item-list>
                  <dl
                    class="text-sm flex flex-col space-y-2"
                  >
                    <app-info-item>
                      <div
                        class="flex flex-row"
                      >
                        <dt
                          class="text-gray-600 w-32"
                        >
                           contact 
                        </dt>
                        <dd>
                          <strong
                            class="font-medium"
                          >
                            <!--container-->
                             Sarah Johnson 
                            <!--container-->
                          </strong>
                        </dd>
                      </div>
                    </app-info-item>
                    <app-info-item>
                      <div
                        class="flex flex-row"
                      >
                        <dt
                          class="text-gray-600 w-32"
                        >
                           email 
                        </dt>
                        <dd>
                          <strong
                            class="font-medium"
                          >
                            <!--container-->
                             s.johnson@westbrook-ag.com 
                            <!--container-->
                          </strong>
                        </dd>
                      </div>
                    </app-info-item>
                    <app-info-item>
                      <div
                        class="flex flex-row"
                      >
                        <dt
                          class="text-gray-600 w-32"
                        >
                           phone 
                        </dt>
                        <dd>
                          <strong
                            class="font-medium"
                          >
                            <!--container-->
                             (555) 789-1234 
                            <!--container-->
                          </strong>
                        </dd>
                      </div>
                    </app-info-item>
                    <app-info-item>
                      <div
                        class="flex flex-row"
                      >
                        <dt
                          class="text-gray-600 w-32"
                        >
                           address 
                        </dt>
                        <dd>
                          <strong
                            class="font-medium"
                          >
                            <!--container-->
                             450 Farm Road, Westbrook County 
                            <!--container-->
                          </strong>
                        </dd>
                      </div>
                    </app-info-item>
                    <!--container-->
                  </dl>
                </app-info-item-list>
              </div>
            </app-info-panel>
            <app-info-panel
              class="lg:w-1/2 w-full"
            >
              <div
                class="flex flex-col space-y-4"
              >
                <app-info-item-list>
                  <dl
                    class="text-sm flex flex-col space-y-2"
                  >
                    <app-info-item>
                      <div
                        class="flex flex-row"
                      >
                        <dt
                          class="text-gray-600 w-32"
                        >
                           treatment 
                        </dt>
                        <dd>
                          <strong
                            class="font-medium"
                          >
                            <!--container-->
                             Seasonal Pest Control 
                            <!--container-->
                          </strong>
                        </dd>
                      </div>
                    </app-info-item>
                    <app-info-item>
                      <div
                        class="flex flex-row"
                      >
                        <dt
                          class="text-gray-600 w-32"
                        >
                           dose 
                        </dt>
                        <dd>
                          <strong
                            class="font-medium"
                          >
                             avg 
                            <!--container-->
                            <!--container-->
                          </strong>
                        </dd>
                      </div>
                    </app-info-item>
                    <app-info-item>
                      <div
                        class="flex flex-row"
                      >
                        <dt
                          class="text-gray-600 w-32"
                        >
                           supplyL 
                        </dt>
                        <dd>
                          <strong
                            class="font-medium"
                          >
                             supplyV 
                            <!--container-->
                            <!--container-->
                          </strong>
                        </dd>
                      </div>
                    </app-info-item>
                    <app-info-item>
                      <div
                        class="flex flex-row"
                      >
                        <dt
                          class="text-gray-600 w-32"
                        >
                           orderL 
                        </dt>
                        <dd>
                          <strong
                            class="font-medium"
                          >
                             orderV 
                            <!--container-->
                            <!--container-->
                          </strong>
                        </dd>
                      </div>
                    </app-info-item>
                    <!--container-->
                  </dl>
                </app-info-item-list>
              </div>
            </app-info-panel>
            <!--container-->
          </div>
        </section>
      </app-section-card>
      <!--container-->
      <!--ng-container-->
      <!--container-->
      <!--container-->
      <!--container-->
      <app-section-card
        ng-reflect-vm="[object Object]"
      >
        <section
          class="shadow p-4 flex flex-col space-y-4"
        >
          <h3
            class="text-xl font-bold"
          >
            tit
          </h3>
          <div
            class="flex flex-row space-x-4"
          >
            <a
              class="btn btn-success"
              download=""
              href="assets/lepke.jpg"
            >
               Proof of completion template 
            </a>
            <button
              class="btn btn-error"
              ng-reflect-ng-class="btn-error"
            >
               Close order 
            </button>
          </div>
        </section>
      </app-section-card>
      <!--container-->
      <!--ng-container-->
      <!--container-->
      <!--container-->
    </section>
  </app-page-layout>
  <!--container-->
  <!--container-->
  <!--container-->
  <!--container-->
</div>
`;
