// Jest Snapshot v1, https://jestjs.io/docs/snapshot-testing

exports[`AreasDataFormControlComponent should render the template when the VM is provided 1`] = `
<app-areas-data-form-control
  class="ng-untouched ng-dirty ng-valid"
  formcontrolname="areaData"
>
  <div>
    <div
      class="flex flex-row justify-between items-end"
    >
      <label
        class="label-text"
      >
        lab
      </label>
    </div>
    <!--container-->
  </div>
  <!--container-->
</app-areas-data-form-control>
`;
