// Jest Snapshot v1, https://jestjs.io/docs/snapshot-testing

exports[`AreasDataFormControlComponent should render the template when the VM is provided 1`] = `
<app-areas-data-form-control
  class="ng-untouched ng-dirty ng-valid"
  formcontrolname="areaData"
>
  <div>
    <div
      class="flex flex-row justify-between pr-3 xl:pr-2"
    >
      <app-button>
        <button
          class="btn btn-primary btn-text btn-square"
        >
          <!--container-->
          <mat-icon
            aria-hidden="true"
            class="mat-icon notranslate material-icons mat-ligature-font mat-icon-no-color"
            data-mat-icon-type="font"
            role="img"
          >
             add 
          </mat-icon>
          <!--container-->
        </button>
      </app-button>
    </div>
    <!--container-->
  </div>
  <!--container-->
</app-areas-data-form-control>
`;
