// Jest Snapshot v1, https://goo.gl/fbAQLP

exports[`ProgressUpdateFormControlComponent should render the template correctly 1`] = `
<app-progress-update-form-control
  class="ng-untouched ng-pristine ng-valid"
  ng-reflect-form="[object Object]"
  ng-reflect-vm="[object Object]"
>
  <div
    class="flex flex-row h-full space-x-4"
  >
    <!--container-->
    <app-progress-frame
      class="w-full"
      ng-reflect-ng-class="w-full"
    >
      <div
        class="space-y-4 w-full flex flex-col h-full"
      >
        <div
          class="font-medium text-gray-700"
        >
          <h3>
            tit
          </h3>
        </div>
        <app-progress-log-item-list>
          <div
            class="border border-gray-100 rounded-md p-2 flex flex-col bg-white space-y-2 overflow-y-auto h-full"
          >
            <!--container-->
          </div>
        </app-progress-log-item-list>
      </div>
    </app-progress-frame>
  </div>
  <!--container-->
</app-progress-update-form-control>
`;
