// Jest Snapshot v1, https://jestjs.io/docs/snapshot-testing

exports[`InfoItemComponent should render the template correctly 1`] = `
<div
  id="root0"
  ng-version="20.1.7"
>
  <app-info-item>
    <div
      class="flex flex-row"
    >
      <dd>
        value
      </dd>
    </div>
  </app-info-item>
</div>
`;
