// Jest Snapshot v1, https://jestjs.io/docs/snapshot-testing

exports[`DashboardSpacerComponent should render the template correctly 1`] = `
<div
  id="root0"
  ng-version="20.1.7"
>
  <app-dashboard-spacer>
    <div
      class="flex flex-col gap-10"
    >
      <div>
        Should be projected
      </div>
    </div>
  </app-dashboard-spacer>
</div>
`;
