// Jest Snapshot v1, https://goo.gl/fbAQLP

exports[`StepIndicatorComponent should project the content and render the template correctly 1`] = `
<div
  id="root0"
  ng-version="19.2.9"
>
  <app-step-indicator>
    <div
      class="h-7 w-7 flex justify-center items-center text-white"
    >
      <div>
        Should be projected
      </div>
    </div>
  </app-step-indicator>
</div>
`;
