// Jest Snapshot v1, https://jestjs.io/docs/snapshot-testing

exports[`MapFormControlComponent should render the template correctly when the VM is provided 1`] = `
<app-map-form-control
  class="ng-untouched ng-dirty ng-valid"
>
  <div
    class="flex flex-col space-y-2"
  >
    <app-map-search-input-form-control>
      <div
        appclickoutside=""
        class="w-full relative"
      >
        <div
          class="flex flex-row w-full"
        >
          <input
            appelementref=""
            class="w-full bg-white p-4 h-12 border-r-0 border ng-untouched ng-pristine ng-valid"
            placeholder="place"
            type="text"
          />
          <div
            class="h-12 bg-white flex items-center px-4 border-l-0 border"
          >
            <mat-icon
              aria-hidden="true"
              class="mat-icon notranslate material-icons mat-ligature-font mat-icon-no-color"
              data-mat-icon-type="font"
              role="img"
            >
              search
            </mat-icon>
          </div>
        </div>
        <!--container-->
      </div>
      <!--container-->
    </app-map-search-input-form-control>
    <div
      appelementref=""
      style="height: 600px;"
    />
    <app-map-area-select-form-control
      class="ng-untouched ng-dirty ng-invalid"
    >
      <div
        class="flex flex-col space-y-4 bg-white"
      >
        <div
          class="flex flex-col w-1/2"
        >
          <label
            for="coordinates"
          >
            coords
          </label>
          <textarea
            class="p-2 border rounded-md min-h-32 ng-untouched ng-pristine ng-invalid"
            id="[object Object]"
          />
        </div>
        <div
          class="join"
        >
          <app-button>
            <button
              class="btn btn-primary btn-square"
            >
              <!--container-->
              <mat-icon
                aria-hidden="true"
                class="mat-icon notranslate material-icons mat-ligature-font mat-icon-no-color"
                data-mat-icon-type="font"
                role="img"
              >
                 add 
              </mat-icon>
              <!--container-->
            </button>
          </app-button>
          <app-button>
            <button
              class="btn btn-primary btn-disabled btn-square"
              disabled=""
            >
              <!--container-->
              <mat-icon
                aria-hidden="true"
                class="mat-icon notranslate material-icons mat-ligature-font mat-icon-no-color"
                data-mat-icon-type="font"
                role="img"
              >
                 add 
              </mat-icon>
              <!--container-->
            </button>
          </app-button>
          <app-button>
            <button
              class="btn btn-primary btn-disabled btn-square"
              disabled=""
            >
              <!--container-->
              <mat-icon
                aria-hidden="true"
                class="mat-icon notranslate material-icons mat-ligature-font mat-icon-no-color"
                data-mat-icon-type="font"
                role="img"
              >
                 add 
              </mat-icon>
              <!--container-->
            </button>
          </app-button>
        </div>
      </div>
      <!--container-->
    </app-map-area-select-form-control>
    <app-map-point-select-form-control
      class="ng-untouched ng-dirty ng-invalid"
    >
      <div
        class="join"
      >
        <app-button>
          <button
            class="btn btn-primary btn-square"
          >
            <!--container-->
            <mat-icon
              aria-hidden="true"
              class="mat-icon notranslate material-icons mat-ligature-font mat-icon-no-color"
              data-mat-icon-type="font"
              role="img"
            >
               add 
            </mat-icon>
            <!--container-->
          </button>
        </app-button>
        <app-button>
          <button
            class="btn btn-primary btn-disabled btn-square"
            disabled=""
          >
            <!--container-->
            <mat-icon
              aria-hidden="true"
              class="mat-icon notranslate material-icons mat-ligature-font mat-icon-no-color"
              data-mat-icon-type="font"
              role="img"
            >
               add 
            </mat-icon>
            <!--container-->
          </button>
        </app-button>
      </div>
    </app-map-point-select-form-control>
  </div>
</app-map-form-control>
`;
