// Jest Snapshot v1, https://goo.gl/fbAQLP

exports[`StatusComponent should render the template 1`] = `
<div
  id="root0"
  ng-version="19.2.9"
>
  <app-status
    ng-reflect-vm="[object Object]"
  >
    <p
      class="font-medium rounded-full w-max px-3 py-1 flex items-center bg-green-200 text-green-800"
      ng-reflect-ng-class="bg-green-200 text-green-800"
    >
      Status
    </p>
  </app-status>
</div>
`;
