// Jest Snapshot v1, https://jestjs.io/docs/snapshot-testing

exports[`StatusComponent should render the template 1`] = `
<div
  id="root0"
  ng-version="20.1.7"
>
  <app-status>
    <p
      class="font-medium rounded-full w-max px-3 py-1 flex items-center text-blue-500"
    >
      Status
    </p>
  </app-status>
</div>
`;
