// Jest Snapshot v1, https://goo.gl/fbAQLP

exports[`HeaderComponent should project <app-logo>, <app-nav> elements and ignore other elements 1`] = `
<div
  id="root0"
  ng-version="18.2.8"
>
  <app-header>
    <section
      class="p-4 flex justify-center"
    >
      <div
        class="w-full space-y-4 flex flex-col justify-between items-center md:w-3/4 md:flex-row md:space-y-0"
      >
        <app-logo
          ng-reflect-vm="[object Object]"
        >
          <a
            href="link"
          >
            <img
              alt="lepke"
              class="w-12 h-12 md:w-16 md:h-16 mb-4 md:mb-0"
              src="assets/lepke.jpg"
            />
          </a>
        </app-logo>
        <app-logo
          ng-reflect-vm="[object Object]"
        >
          <a
            href="link"
          >
            <img
              alt="lepke"
              class="w-12 h-12 md:w-16 md:h-16 mb-4 md:mb-0"
              src="assets/lepke.jpg"
            />
          </a>
        </app-logo>
        <app-nav>
          <nav
            class="flex flex-col items-center space-y-4 text-center md:items-start md:flex-row md:space-y-0 md:space-x-10 md:text-left"
          />
        </app-nav>
        <app-nav>
          <nav
            class="flex flex-col items-center space-y-4 text-center md:items-start md:flex-row md:space-y-0 md:space-x-10 md:text-left"
          />
        </app-nav>
      </div>
    </section>
  </app-header>
</div>
`;
