// Jest Snapshot v1, https://goo.gl/fbAQLP

exports[`SectionCardComponent should render the template when the vm is provided 1`] = `
<div
  id="root0"
  ng-version="19.2.9"
>
  <app-section-card
    ng-reflect-vm="[object Object]"
  >
    <section
      class="shadow p-4 flex flex-col space-y-4"
    >
      <h3
        class="text-xl font-medium"
      >
        tit
      </h3>
      <div>
        Should be projected
      </div>
    </section>
  </app-section-card>
</div>
`;
