// Jest Snapshot v1, https://jestjs.io/docs/snapshot-testing

exports[`TestimonialItemComponent should get the input data and visualize it 1`] = `
<div
  id="root0"
  ng-version="20.1.7"
>
  <div
    class="p-6 full mx-auto text-center rounded-md shadow transition-all cursor-pointer"
  >
    <p
      class="text-lg italic text-gray-700"
    >
      "altText"
    </p>
    <p
      class="font-semibold text-gray-900 mt-4"
    >
      Emily Johnson
    </p>
    <p
      class="text-gray-500"
    >
      World
    </p>
  </div>
  <!--container-->
</div>
`;
