// Jest Snapshot v1, https://goo.gl/fbAQLP

exports[`TestimonialItemComponent should get the input data and visualize it 1`] = `
<div
  id="root2"
>
  <div
    class="p-6 full mx-auto text-center rounded-md shadow transition-all cursor-pointer"
  >
    <p
      class="text-lg italic text-gray-700"
    >
      "Hello"
    </p>
    <p
      class="font-semibold text-gray-900 mt-4"
    >
      Emily Johnson
    </p>
    <p
      class="text-gray-500"
    >
      World
    </p>
  </div>
  
  
</div>
`;

exports[`TestimonialItemComponent should not render the template when there is not VM provided 1`] = `
<div
  id="root1"
>
  
</div>
`;
