// Jest Snapshot v1, https://goo.gl/fbAQLP

exports[`MessageItemListComponent should project the content and render the template correctly 1`] = `
<div
  id="root0"
  ng-version="19.2.9"
>
  <app-message-item-list>
    <div
      class="h-80 flex flex-col space-y-4 overflow-y-auto"
    >
      <app-message-item>
        <div
          class="w-full flex flex-row space-x-3"
        >
          <div
            class="bg-gray-200 w-full flex flex-row justify-between p-3 rounded-lg"
          >
            <div />
          </div>
        </div>
      </app-message-item>
      <app-message-item>
        <div
          class="w-full flex flex-row space-x-3"
        >
          <div
            class="bg-gray-200 w-full flex flex-row justify-between p-3 rounded-lg"
          >
            <div />
          </div>
        </div>
      </app-message-item>
    </div>
  </app-message-item-list>
</div>
`;
