// Jest Snapshot v1, https://goo.gl/fbAQLP

exports[`MessageComponent should render the template when there is a VM provided 1`] = `
<div
  id="root0"
  ng-version="18.2.8"
>
  <div
    class="bg-gray-700 p-6 rounded-xl"
  >
    <h1
      class="text-6xl sm:text-8xl font-bold text-white mb-4 text-center w-full"
    >
       404! 
    </h1>
    <p
      class="text-white md:text-xl max-w-md"
    >
       description 
    </p>
  </div>
</div>
`;
