// Jest Snapshot v1, https://jestjs.io/docs/snapshot-testing

exports[`InlineComponent should project the content and render the template correctly 1`] = `
<div
  id="root0"
  ng-version="20.1.7"
>
  <app-inline>
    <ul
      class="flex flex-row flex-wrap space-x-8"
    >
      <h2>
        Should be projected
      </h2>
      <p>
        Should be projected
      </p>
    </ul>
  </app-inline>
</div>
`;
