// Jest Snapshot v1, https://goo.gl/fbAQLP

exports[`LabeledBadgeComponent should render the template correctly 1`] = `
<div
  id="root0"
  ng-version="19.2.9"
>
  <app-labeled-badge>
    <div
      class="h-fit py-2 px-4 rounded-full w-fit"
    >
      <p>
        Should be projected
      </p>
    </div>
  </app-labeled-badge>
</div>
`;
