// Jest Snapshot v1, https://goo.gl/fbAQLP

exports[`GoogleMapComponent should render the template correctly 1`] = `
<div
  id="root0"
  ng-version="19.2.9"
>
  <app-google-map
    ng-reflect-vm="[object Object]"
  >
    <div
      appmapinitializer=""
      ng-reflect-map-center="[object Object]"
      ng-reflect-map-options="[object Object]"
      ng-reflect-map-signal="[Signal: null]"
      style="height: 100%;"
    />
  </app-google-map>
</div>
`;
