// Jest Snapshot v1, https://goo.gl/fbAQLP

exports[`DashboardPageComponent should not render the template if there is no user 1`] = `
<div
  id="root0"
  ng-version="19.2.9"
>
  <!--container-->
</div>
`;

exports[`DashboardPageComponent should render the template correctly if there is a user 1`] = `
<div
  id="root1"
  ng-version="19.2.9"
>
  <app-page-section>
    <section
      class="mt-72 md:mt-25"
    >
      <app-frame>
        <section
          class="flex flex-col gap-y-10 py-20 mx-5 sm:mx-20 lg:mx-40 duration-500 transition-all"
        >
          <app-user-header>
            <header
              class="flex flex-row items-center space-x-3"
            >
              <span
                class="h-8 w-8 rounded-full bg-blue-600"
                ng-reflect-ng-class="bg-blue-600"
              />
              <div
                class="w-full flex flex-row justify-between space-x-10"
              >
                <div
                  class="flex flex-col"
                >
                  <h2>
                     tit 
                  </h2>
                  <p
                    class="text-gray-600"
                  >
                     role 
                  </p>
                </div>
                <div
                  class="flex flex-col justify-end"
                >
                  <small
                    class="text-gray-600"
                  >
                    login
                  </small>
                  <time>
                    dat
                  </time>
                </div>
              </div>
            </header>
          </app-user-header>
          <router-outlet />
          <!--container-->
        </section>
      </app-frame>
    </section>
  </app-page-section>
  <!--container-->
  <!--container-->
</div>
`;
