// Jest Snapshot v1, https://jestjs.io/docs/snapshot-testing

exports[`MapPointSelectFormControlComponent should render the template when the VM is provided 1`] = `
<app-map-point-select-form-control
  class="ng-untouched ng-dirty ng-valid"
>
  <div
    class="flex flex-col space-y-4 bg-white"
  >
    <button
      class="btn btn-primary"
    >
       addButton 
    </button>
    <button
      class="btn btn-disabled"
      disabled=""
    >
       deleteButton 
    </button>
  </div>
  <!--container-->
</app-map-point-select-form-control>
`;
