// Jest Snapshot v1, https://goo.gl/fbAQLP

exports[`MapPointSelectFormControlComponent should render the template when the VM is provided 1`] = `
<div
  id="root0"
  ng-version="18.2.8"
>
  <app-map-point-select-form-control
    ng-reflect-vm="[object Object]"
  >
    <div
      class="flex flex-col space-y-4 bg-white"
    >
      <div
        class="w-full h-[40vh]"
        ng-reflect-attached-callback="async (mapCanvas) => {
       "
      />
      <button
        class="btn btn-primary"
        ng-reflect-ng-class="btn-primary"
      >
         addButton 
      </button>
      <button
        class="btn btn-disabled"
        disabled=""
        ng-reflect-ng-class="btn-disabled"
      >
         deleteButton 
      </button>
    </div>
    <!--container-->
  </app-map-point-select-form-control>
</div>
`;
