// Jest Snapshot v1, https://jestjs.io/docs/snapshot-testing

exports[`MapPointSelectFormControlComponent should render the template when the VM is provided 1`] = `
<app-map-point-select-form-control
  class="ng-untouched ng-dirty ng-valid"
>
  <div
    class="join"
  >
    <app-button>
      <button
        class="btn btn-primary btn-square"
      >
        <!--container-->
        <mat-icon
          aria-hidden="true"
          class="mat-icon notranslate material-icons mat-ligature-font mat-icon-no-color"
          data-mat-icon-type="font"
          role="img"
        >
           add 
        </mat-icon>
        <!--container-->
      </button>
    </app-button>
    <app-button>
      <button
        class="btn btn-primary btn-disabled btn-square"
        disabled=""
      >
        <!--container-->
        <mat-icon
          aria-hidden="true"
          class="mat-icon notranslate material-icons mat-ligature-font mat-icon-no-color"
          data-mat-icon-type="font"
          role="img"
        >
           add 
        </mat-icon>
        <!--container-->
      </button>
    </app-button>
  </div>
</app-map-point-select-form-control>
`;
