// Jest Snapshot v1, https://goo.gl/fbAQLP

exports[`ProductItemComponent should render the template correctly when there is a VM provided 1`] = `
<div
  class="h-full"
  id="root0"
  ng-version="18.2.7"
>
  <a
    class="cursor-pointer block p-4 w-full h-full rounded-md shadow-md hover:shadow-xl transition-all"
  >
    <img
      alt="Lepke"
      class="w-auto h-auto object-cover rounded-md"
      src="assets/lepke.jpg"
    />
    <h3
      class="font-bold text-xl sm:text-2xl mt-4"
    >
      Controller
    </h3>
    <p
      class="mt-4"
    >
      The sleek sports car roared to life, its engine purring with power as it sped down the highway.
    </p>
  </a>
  <!--container-->
</div>
`;
