// Jest Snapshot v1, https://goo.gl/fbAQLP

exports[`DetailsItemListComponent should project the content and render the template correctly 1`] = `"<app-details-item-list><div class="w-full flex flex-col space-y-4"><app-details-item><div class="flex flex-row space-x-4"><div></div><div></div></div></app-details-item></div></app-details-item-list>"`;
