// Jest Snapshot v1, https://jestjs.io/docs/snapshot-testing

exports[`SummaryComponent should render the template 1`] = `
<div
  id="root0"
  ng-version="20.1.7"
>
  <app-summary>
    <div
      class="flex flex-row space-x-1"
    >
      <p>
        Title
      </p>
      <p>
        Value
      </p>
    </div>
  </app-summary>
</div>
`;
