// Jest Snapshot v1, https://jestjs.io/docs/snapshot-testing

exports[`InfoItemListComponent should render the template correctly 1`] = `
<div
  id="root0"
  ng-version="20.1.7"
>
  <app-info-item-list>
    <dl
      class="text-sm flex flex-col space-y-2"
    >
      <app-info-item>
        <div
          class="flex flex-row"
        />
      </app-info-item>
    </dl>
  </app-info-item-list>
</div>
`;
