// Jest Snapshot v1, https://jestjs.io/docs/snapshot-testing

exports[`DialogLayoutComponent should render the template when the VM is provided, translate and project the content correctly 1`] = `
<div
  id="root0"
  ng-version="20.1.7"
>
  <app-dialog-layout>
    <section
      class="p-4 md:p-10 rounded-lg shadow-md transition-all duration-100 bg-white space-y-5 flex flex-col"
    >
      <div
        class="flex justify-between"
      >
        <h3
          class="text-3xl"
        >
           value 
        </h3>
        <app-button>
          <button
            class="btn flex flex-row justify-center btn-primary"
          >
            <mat-icon
              aria-hidden="true"
              class="mat-icon notranslate material-icons mat-ligature-font mat-icon-no-color"
              data-mat-icon-type="font"
              left=""
              role="img"
            >
              close
            </mat-icon>
            <!--container-->
          </button>
        </app-button>
      </div>
      <div
        class="space-y-4"
      >
        <button>
          Should be projected
        </button>
        <div>
          Should be projected
        </div>
      </div>
      <div
        class="ml-auto join"
      />
    </section>
    <!--container-->
  </app-dialog-layout>
</div>
`;
