// Jest Snapshot v1, https://jestjs.io/docs/snapshot-testing

exports[`DialogLayoutComponent should render the projected contents and the template correctly 1`] = `
<div
  id="root0"
  ng-version="20.1.7"
>
  <app-dialog-layout>
    <section
      class="flex flex-col p-4 md:p-10 shadow-md bg-white space-y-4"
    >
      <div
        class="flex flex-row justify-between"
      >
        <app-button
          close=""
        >
          <button
            class="btn flex flex-row justify-center btn-primary"
          />
        </app-button>
      </div>
      <div
        class="space-y-4"
      >
        <div>
          Should be projected
        </div>
      </div>
      <div
        class="ml-auto join"
      >
        <app-button>
          <button
            class="btn flex flex-row justify-center btn-primary"
          />
        </app-button>
        <app-button>
          <button
            class="btn flex flex-row justify-center btn-primary"
          />
        </app-button>
      </div>
    </section>
  </app-dialog-layout>
</div>
`;
