// Jest Snapshot v1, https://goo.gl/fbAQLP

exports[`ProgressLogItemListComponent should project the content and render the template correctly 1`] = `
<div
  id="root0"
  ng-version="19.2.9"
>
  <app-progress-log-item-list>
    <div
      class="border border-gray-100 rounded-md p-2 flex flex-col bg-white space-y-2 overflow-y-auto h-full"
    >
      <app-progress-log-item>
        <div
          class="flex flex-row justify-between items-center px-2 py-1 space-x-4 w-full"
        >
          <div
            class="break-all"
          >
            <div
              class="font-medium text-sm"
            />
            <div
              class="text-gray-600 font-light text-sm"
            />
          </div>
          <div
            class="text-gray-600 font-light text-sm"
          />
        </div>
      </app-progress-log-item>
      <app-progress-log-item>
        <div
          class="flex flex-row justify-between items-center px-2 py-1 space-x-4 w-full"
        >
          <div
            class="break-all"
          >
            <div
              class="font-medium text-sm"
            />
            <div
              class="text-gray-600 font-light text-sm"
            />
          </div>
          <div
            class="text-gray-600 font-light text-sm"
          />
        </div>
      </app-progress-log-item>
    </div>
  </app-progress-log-item-list>
</div>
`;
