// Jest Snapshot v1, https://jestjs.io/docs/snapshot-testing

exports[`ConfirmationDialogComponent should not render the template if not the correct vm is provided 1`] = `
<div
  id="root0"
  ng-version="20.1.7"
>
  <!--container-->
</div>
`;

exports[`ConfirmationDialogComponent should render the template if the correct vm is provided 1`] = `
<div
  id="root1"
  ng-version="20.1.7"
>
  <app-dialog-layout
    class="w-80 md:w-96 block"
  >
    <section
      class="p-4 md:p-10 rounded-lg shadow-md transition-all duration-100 bg-white space-y-5 @container/dialog"
    >
      <div
        class="flex justify-between"
      >
        <h3
          class="text-3xl"
        >
           tit 
        </h3>
        <button>
          <mat-icon
            aria-hidden="true"
            class="mat-icon notranslate text-3xl material-icons mat-ligature-font mat-icon-no-color"
            data-mat-icon-type="font"
            role="img"
            style="width: 40px; height: 40px; display: flex; justify-content: center; align-items: center;"
          >
            close
          </mat-icon>
        </button>
      </div>
      <div
        class="space-y-4"
      >
        <p>
          confirm
        </p>
      </div>
      <div
        class="flex justify-between @lg/dialog:justify-end @lg/dialog:space-x-3"
      >
        <button
          class="btn btn-primary"
        >
           confirmButton 
        </button>
        <button
          class="btn btn-secondary"
        >
           cancelButton 
        </button>
      </div>
    </section>
    <!--container-->
  </app-dialog-layout>
  <!--container-->
  <!--container-->
</div>
`;
