// Jest Snapshot v1, https://goo.gl/fbAQLP

exports[`AppComponent should not render <app-nav-item> when there is no item provided 1`] = `
<div
  id="root3"
  ng-version="18.2.7"
>
  <div
    class="min-h-screen flex flex-col"
  >
    <app-header>
      <section
        class="p-4 flex justify-center"
      >
        <div
          class="w-full space-y-4 flex flex-col justify-between items-center md:w-3/4 md:flex-row md:space-y-0"
        >
          <app-logo
            ng-reflect-vm="[object Object]"
          >
            <a
              href=""
            >
              <img
                alt="logo"
                class="w-12 h-12 md:w-16 md:h-16 mb-4 md:mb-0"
                src="assets/phoenix.jpg"
              />
            </a>
            <!--container-->
          </app-logo>
          <app-nav>
            <nav
              class="flex flex-col items-center space-y-4 text-center md:items-start md:flex-row md:space-y-0 md:space-x-10 md:text-left"
            >
              <!--container-->
            </nav>
          </app-nav>
        </div>
      </section>
    </app-header>
    <!--container-->
    <div
      class="flex-grow"
    >
      <router-outlet />
      <!--container-->
    </div>
  </div>
  <!--container-->
</div>
`;

exports[`AppComponent should not render the template when the VM is not provided 1`] = `
<div
  id="root2"
  ng-version="18.2.7"
>
  <!--container-->
</div>
`;
