// Jest Snapshot v1, https://goo.gl/fbAQLP

exports[`KeyValueComponent should render the template when the VM is provided 1`] = `
<div
  id="root0"
  ng-version="19.2.9"
>
  <app-key-value
    ng-reflect-label="value"
  >
    <div
      class="duration-500 h-full flex flex-col justify-center"
    >
      <p
        class="xl:hidden display uppercase text-gray-400 text-xs tracking-widest"
      >
         value 
      </p>
      <!--container-->
      <p>
        Should be projected
      </p>
    </div>
    <!--container-->
  </app-key-value>
</div>
`;
