// Jest Snapshot v1, https://jestjs.io/docs/snapshot-testing

exports[`NavItemComponent should render the template with the provided VM and ng-content 1`] = `
<div
  id="root0"
  ng-version="20.1.7"
>
  <app-nav-item>
    <a
      class="nav-item"
      href=""
      rel="null"
      target="null"
    >
      Home
    </a>
  </app-nav-item>
</div>
`;
