// Jest Snapshot v1, https://goo.gl/fbAQLP

exports[`NavItemComponent should render the template with the provided VM and ng-content 1`] = `
<div
  id="root0"
  ng-version="18.2.8"
>
  <app-nav-item
    ng-reflect-vm="[object Object]"
  >
    <a
      class="sm:hover:text-gray-400 duration-150 cursor-pointer"
      href=""
      rel="null"
      target="null"
    >
      Home
    </a>
  </app-nav-item>
</div>
`;
