// Jest Snapshot v1, https://jestjs.io/docs/snapshot-testing

exports[`GridItemComponent should render the template correctly 1`] = `
<div
  id="root0"
  ng-version="20.1.7"
>
  <app-grid-item>
    <div
      class="xl:grid flex flex-col xl:grid-cols-subgrid xl:col-span-full xl:items-center gap-3 p-4 xl:p-0 rounded-xl shadow xl:shadow-none hover:-translate-y-1 xl:hover:translate-y-0 duration-100"
    >
      <p>
        Should be projected
      </p>
    </div>
  </app-grid-item>
</div>
`;
