// Jest Snapshot v1, https://goo.gl/fbAQLP

exports[`CardGroupSummaryComponent should project the content and render the template correctly 1`] = `
<div
  id="root0"
  ng-version="19.2.9"
>
  <app-card-group-summary>
    <div
      class="flex flex-col space-y-3"
    >
      <app-card-group-summary-header>
        <div
          class="grid grid-cols-subgrid col-span-full bg-gray-300 border border-gray-400 p-3 tracking-wider"
        />
      </app-card-group-summary-header>
      <app-card-group-summary-content>
        <div
          class="grid grid-cols-subgrid col-span-full p-3 bg-gray-100 border border-gray-300"
        />
      </app-card-group-summary-content>
    </div>
  </app-card-group-summary>
</div>
`;
