// Jest Snapshot v1, https://jestjs.io/docs/snapshot-testing

exports[`CustomerCancelDialogComponent should render the template correctly 1`] = `
<div
  id="root4"
  ng-version="20.1.7"
>
  <dialog
    class="w-2xl"
    open=""
  >
    <app-dialog-layout>
      <section
        class="flex flex-col p-4 md:p-10 shadow-md space-y-4"
      >
        <app-page-header>
          <header
            class="flex flex-row flex-wrap gap-3 justify-between"
          >
            <div
              class="flex flex-col gap-3"
            >
              <h2>
                tit
              </h2>
            </div>
            <app-button
              actiongroup=""
            >
              <button
                class="btn flex flex-row justify-center btn-primary"
              >
                <mat-icon
                  aria-hidden="true"
                  class="mat-icon notranslate material-icons mat-ligature-font mat-icon-no-color"
                  data-mat-icon-type="font"
                  role="img"
                >
                  
                </mat-icon>
              </button>
            </app-button>
          </header>
        </app-page-header>
        <div
          class="space-y-4"
        >
          <p>
            confirm
          </p>
          <app-input-textarea
            class="ng-untouched ng-pristine ng-valid"
          >
            <div
              class="my-2"
            >
              <span
                class="flex flex-row justify-between items-end label-text"
              >
                <label
                  for="id"
                >
                  reason
                </label>
              </span>
              <textarea
                autocomplete="off"
                class="textarea min-h-40"
                id="id"
                placeholder="place"
              />
              <div
                class="grid grid-cols-2 items-baseline helper-text"
              >
                <span>
                  <span
                    leftassistivetext=""
                  >
                     optional 
                  </span>
                </span>
                <span
                  class="text-right"
                />
              </div>
            </div>
            <!--container-->
          </app-input-textarea>
        </div>
        <div
          class="ml-auto join"
        >
          <app-button>
            <button
              class="btn flex flex-row justify-center btn-primary"
            >
              <!--container-->
            </button>
          </app-button>
          <app-button>
            <button
              class="btn flex flex-row justify-center btn-primary"
            >
              <!--container-->
            </button>
          </app-button>
        </div>
      </section>
    </app-dialog-layout>
    <!--container-->
    <!--container-->
  </dialog>
</div>
`;
