// Jest Snapshot v1, https://goo.gl/fbAQLP

exports[`NavComponent should project <app-nav-item> elements and ignore other elements 1`] = `
<div
  id="root0"
  ng-version="18.2.7"
>
  <app-nav>
    <nav
      class="flex flex-col items-center space-y-4 text-center md:items-start md:flex-row md:space-y-0 md:space-x-10 md:text-left"
    >
      <app-nav-item
        ng-reflect-vm="[object Object]"
      >
        <a
          class="sm:hover:text-gray-400 duration-150 cursor-pointer"
          href="link"
        />
      </app-nav-item>
      <app-nav-item
        ng-reflect-vm="[object Object]"
      >
        <a
          class="sm:hover:text-gray-400 duration-150 cursor-pointer"
          href="link"
        />
      </app-nav-item>
    </nav>
  </app-nav>
</div>
`;
