// Jest Snapshot v1, https://jestjs.io/docs/snapshot-testing

exports[`ProductListComponent should render the template when the VM is provided and ignore other elements 1`] = `
<div
  id="root0"
  ng-version="20.1.7"
>
  <app-product-list>
    <div
      class="grid grid-cols-1 sm:grid-cols-2 lg:grid-cols-3 transition-all place-items-center"
    >
      <app-card>
        <div
          class="card"
        />
      </app-card>
    </div>
  </app-product-list>
</div>
`;
